// Jest Snapshot v1, https://goo.gl/fbAQLP

exports[`Footer tests Snapshot tests Should render footer and match snapshot 1`] = `ShallowWrapper {}`;
