// Jest Snapshot v1, https://goo.gl/fbAQLP

exports[`App tests Snapshot tests Should render app and match snapshot 1`] = `ShallowWrapper {}`;
