// Jest Snapshot v1, https://goo.gl/fbAQLP

exports[`ImdbButton tests Snapshot tests Should render imdb button and match snapshot 1`] = `ShallowWrapper {}`;
