// Jest Snapshot v1, https://goo.gl/fbAQLP

exports[`DetailedView tests Snapshot tests Should render detailed view page and match snapshot 1`] = `ShallowWrapper {}`;
