// Jest Snapshot v1, https://goo.gl/fbAQLP

exports[`LandingPage tests Snapshot tests Should render landing page and match snapshot 1`] = `ShallowWrapper {}`;
